//if else
	if(condition)
	{
		//body of if statement;
	}
	
	else
	{
		//body of else statement;
	}
	
	
### ternary operator

test_condition ? expression1: expression2;
	
//Example 01:
Enter your age and verify your eligible or not for election
voting using if else condition.

[2021ict09@fedora ~]$ vi voting.c

//code 01:

#include<stdio.h>
int main(){
	int age;
	printf("Enter your age:");
	scanf("%d",&age);
	if(age>=18)
	{
		printf("You are eligible for voting!");
	}
	
	else
	{
		printf("You aren't aligible for voting!");
	}
	return 0;
}

//code 02:
//ternary operator

#include<stdio.h>
int main(){
	int age;
	printf("Enter your age:");
	scanf("%d",&age);
	age>=18 ? printf("You are eligible for voting!") : printf("You aren't aligible for voting!");
	return 0;
}

output:

[2021ict09@fedora ~]$ gcc voting.c -o voting
[2021ict09@fedora ~]$ ./voting
Enter your age:23
You are eligible for voting!

//switch case

switch(variable/expression)
{
	case 1:
	//body of case 1
	break;
	
	case 2:
	//body of case 2
	break;
	
	case n:
	//body of case n
	break;
	
	default:
	//body of default
}

//Example 02:
Enter the value between 1 to 7 and create a program for following output:
Enter the number between 1 to 7: 1
Today is Monday!


[2021ict09@fedora ~]$ vi date.c


#include<stdio.h>
int main(){
	int num;
	printf("Enter a number:");
	scanf("%d",&num);
	
	switch(num)
	{
		case 1:
		printf("Today is Monday!");
		break;
		
		case 2:
		printf("Today is Tuesday!");
		break;
		
		case 3:
		printf("Today is Wednesday!");
		break;
		
		case 4:
		printf("Today is Thursday!");
		break;
		
		case 5:
		printf("Today is Friday!");
		break;
		
		case 6:
		printf("Today is Saturday!");
		break;
		
		case 7:
		printf("Today is Sunday!");
		break;
		
		default:
		printf("Invalid input,Enter a valid number");
		
	}
	return 0;
	
}

output:

[2021ict09@fedora ~]$ gcc date.c -o date
[2021ict09@fedora ~]$ ./date
Enter a number:8
Invalid input,Enter a valid number
[2021ict09@fedora ~]$ ./date
Enter a number:5
Today is Friday!

//Example 03:
Write a code for small astrology based on your life path number for that 
get date of birth from user then calculate life path number.(Use switch case)

Example:
Calculation for life path number:
a=date%10
b=date/10
c=a+b

if life path number:
1:Lucky
2:Careful do your work
3:Storager
4:Happy
5:Can get help
6:Doubt
7:Sad
8:Like
9:Courage


[2021ict09@fedora ~]$ vi astrology.c

#include<stdio.h>
int main(){
	int date;
	printf("Enter your birth date:");
	scanf("%d",&date);
	
	int a = date%10;
	int b = date/10;
	int c = a+b;
	
	switch(c)
	{
		case 1:
		printf("Lucky\n");
		break;
		
		case 2:
		printf("Careful do your work\n");
		break;
		
		case 3:
		printf("Storager\n");
		break;
		
		case 4:
		printf("Happy\n");
		break;
		
		case 5:
		printf("Can get help\n");
		break;
		
		case 6:
		printf("Doubt\n");
		break;
		
		case 7:
		printf("Sad\n");
		break;
		
		case 8:
		printf("Like\n");
		break;
		
		case 9:
		printf("Courage\n");
		break;
		
		default:
		int x = c%10;
		int y = c/10;
		int z = x+y;
		
		switch(z)
		{
		case 1:
		printf("Lucky\n");
		break;
		
		case 2:
		printf("Careful do your work\n");
		break;
		
		case 3:
		printf("Storager\n");
		break;
		
		case 4:
		printf("Happy\n");
		break;
		
		case 5:
		printf("Can get help\n");
		break;
		
		case 6:
		printf("Doubt\n");
		break;
		
		case 7:
		printf("Sad\n");
		break;
		
		case 8:
		printf("Like\n");
		break;
		
		case 9:
		printf("Courage\n");
		break;
		
		default:
		printf("Try again!");
		}
	}
	return 0;
}

[2021ict09@fedora ~]$ gcc astrology.c -o astrology
[2021ict09@fedora ~]$ ./astrology
Enter your birth date:6
Doubt
[2021ict09@fedora ~]$ ./astrology
Enter your birth date:29
Careful do your work

//Example 04:
Give list of numbers then calculate the summation and multiplication using for loop.
Example:
1 2 3 4 5
Summation:15
Multiplication:120


[2021ict09@fedora ~]$ vi summul.c

#include<stdio.h>
int main(){
	int sum=0;
	int mul=1;
	
	for (int i=1;i<=5;i++)
	{
		sum=sum+i;
		mul=mul*i;
	}
	printf("Summation:%d",sum);
	printf("\n");
	printf("Multiplication:%d",mul,"\n");
	return 0;
}

[2021ict09@fedora ~]$ gcc summul.c -o summul
[2021ict09@fedora ~]$ ./summal
Summation:15
Multiplication:120


//Example 05:
Print the integers from 1 to 10 using while loop


[2021ict09@fedora ~]$ vi while.c

#include <stdio.h>

int main() {
    int i = 1;
    while (i <= 10) {
        printf("%d ", i);
        i++;
    }
    return 0;
}


[2021ict09@fedora ~]$ gcc while.c -o while
[2021ict09@fedora ~]$ ./while
1 2 3 4 5 6 7 8 9 10 

//Example 06:
Write a c program to generate and print the fibonacci series up to a specified number of terms.
The program should take the number of terms as input from the user and then display the
corresponding Fibonacci sequence.

[2021ict09@fedora ~]$ vi fibo.c

#include<stdio.h>
int main(){
	int num;
	printf("Enter a number:");
	scanf("%d",&num);
	
	int a=0;
    int b=1;

    printf("Fibonacci Series: %d,%d",a,b);
	
	for(int i=3;i<=num;i++)
	{
		int c=a+b;
		printf(",%d",c);
		a=b;
		b=c;
	}
	return 0;

}


[2021ict09@fedora ~]$ gcc fibo.c -o fibo
[2021ict09@fedora ~]$ ./fibo
Enter a number:10
Fibonacci Series: 0,1,1,2,3,5,8,13,21,34

//Example 07:
Write a c program to calculate the factorial of a given non-negative integer.


[2021ict09@fedora ~]$ vi fact.c

#include<stdio.h>
int main(){
	int num;
	printf("Enter the number:");
	scanf("%d",&num);
	
	int factorial=1;
	if(num<0)
	{
		printf("Invalid number,enter a valid number");
	}
	else
	{
		for(int i=1;i<=num;i++)
	    {
		    factorial=factorial*i;
	    }
		printf("Factorial:%d",factorial);
	}
	return 0;
}

[2021ict09@fedora ~]$ gcc fact.c -o fact
[2021ict09@fedora ~]$ ./fact
Enter the number:5
Factorial:120[2021ict09@fedora ~]$ ./fact
Enter the number:-5
Invalid number,enter a valid number


//Example 08:
Write a c program that:
Accepts two strings as input from the user.
Concatenates the two strings Displays the concatened result.


[2021ict09@fedora ~]$ vi concat.c

#include <stdio.h>
#include <string.h>

int main() {
    char str1[100], str2[100];

    printf("Enter first string: ");
    scanf("%s", str1);

    printf("Enter second string: ");
    scanf("%s", str2);

    strcat(str1, str2); 

    printf("Concatenated String: %s\n", str1);

    return 0;
}


[2021ict09@fedora ~]$ gcc concat.c -o concat
[2021ict09@fedora ~]$ ./concat
Enter first string: apple
Enter second string: banana
Concatenated String: applebanana


//Example 09:
Write a c program that takes a binary number(as an integer) as input and converts it to its decimal equivalent.


[2021ict09@fedora ~]$ vi binary.c

#include <stdio.h>

int main() {
    int binary, decimal = 0, base = 1;

    printf("Enter a binary number: ");
    scanf("%d", &binary);

    while (binary > 0) {
        decimal += (binary % 10) * base; // Extract last digit and multiply by power of 2
        binary /= 10; // Remove last digit
        base *= 2; // Increase power of 2
    }

    printf("Decimal equivalent: %d\n", decimal);
    return 0;
}


[2021ict09@fedora ~]$ gcc binary.c -o binary
[2021ict09@fedora ~]$ ./binary
Enter a binary number: 10010111
Decimal equivalent: 151

//Example 10:
Write a c program that:
Accepts an array of integers from the user.
Finds and displays the maximum and minimum values in the array.

[2021ict09@fedora ~]$ vi array.c

#include <stdio.h>

int main() {
    int num;
    printf("Enter the number of elements: ");
    scanf("%d", &num);

    int arr[num];
    printf("Enter %d elements: ", num);
    for (int i = 0; i < num; i++) {
        scanf("%d", &arr[i]);
    }

    int max = arr[0], min = arr[0];

    for (int i = 1; i < num; i++) {
        if (arr[i] > max) max = arr[i];
        if (arr[i] < min) min = arr[i];
    }

    printf("Maximum: %d\n", max);
    printf("Minimum: %d\n", min);

    return 0;
}


[2021ict09@fedora ~]$ gcc array.c -o array
[2021ict09@fedora ~]$ ./array
Enter the number of elements: 5
Enter 5 elements: 10
23
45
67
24
Maximum: 67
Minimum: 10


//Example 11:
c program to generate Pascal's Triangle.
output:
no of rows:5
    1
   1 1
  1 2 1
 1 3 3 1
1 4 6 4 1

[2021ict09@fedora ~]$ vi pascal.c

#include <stdio.h>
int main() {
    int rows, num;

    printf("no of rows: ");
    scanf("%d", &rows);

    for (int i = 0; i < rows; i++) {
        
        for (int j = 0; j < rows - i - 1; j++) {
            printf(" ");
        }
        num = 1;
        for (int j = 0; j <= i; j++) {
            printf("%d ", num);
            num = num * (i - j) / (j + 1);  // Calculate next value in row
        }
        printf("\n");
    }

    return 0;
}


[2021ict09@fedora ~]$ gcc pascal.c -o pascal
[2021ict09@fedora ~]$ ./pascal
no of rows: 5
    1
   1 1
  1 2 1
 1 3 3 1
1 4 6 4 1





